error: Unknown validation attribute: `lenCharMax`.
       Possible attributes are `len_char_min`, `len_char_max`, `not_empty`, `predicate`, `regex`, `with`, `error`.
 --> tests/ui/common/attribute_with_wrong_case.rs:3:19
  |
3 | #[nutype(validate(lenCharMax = 255))]
  |                   ^^^^^^^^^^
